// Jest Snapshot v1, https://goo.gl/fbAQLP

exports[`Test on <Grid /> component should render the component correctly 1`] = `
<Fragment>
  <div
    className="masonry-wrapper"
  >
    <h3>
      test
    </h3>
    <div
      className="masonry"
    >
      <span>
        No result found
      </span>
    </div>
  </div>
</Fragment>
`;
